
> gujarati-connect@0.1.0 build
> next build

node.exe : ΓÜá Warning: Next.js inferred your workspace root, but 
it may not be correct.
At line:1 char:1
+ & "C:\Program Files\nodejs/node.exe" "C:\Program 
Files\nodejs/node_mo ...
+ ~~~~~~~~~~~~~~~~~~~~~~~~~~~~~~~~~~~~~~~~~~~~~~~~~~~~~~~~~~~~~~~~~
~~~~
    + CategoryInfo          : NotSpecified: (ΓÜá Warning: Ne...not 
    be correct.:String) [], RemoteException
    + FullyQualifiedErrorId : NativeCommandError
 
 We detected multiple lockfiles and selected the directory of 
C:\Users\MIT\package-lock.json as the root directory.
 To silence this warning, set `turbopack.root` in your Next.js 
config, or consider removing one of the lockfiles if it's not 
needed.
   See https://nextjs.org/docs/app/api-reference/config/next-config
-js/turbopack#root-directory for more information.
 Detected additional lockfiles: 
   * C:\Users\MIT\.gemini\antigravity\scratch\gujarati-connect\pack
age-lock.json

Γû▓ Next.js 16.2.1 (Turbopack)
- Environments: .env.local

  Creating an optimized production build ...
Error: Cannot apply unknown utility class `gap-2`. Are you using 
CSS modules or similar and missing `@reference`? https://tailwindcs
s.com/docs/functions-and-directives#reference-directive
    [2m[at onInvalidCandidate (C:\Users\MIT\.gemini\antigravity\sc
ratch\gujarati-connect\node_modules\tailwindcss\dist\lib.js:21:1314
)][0m
    [2m[at Ee (C:\Users\MIT\.gemini\antigravity\scratch\gujarati-c
onnect\node_modules\tailwindcss\dist\lib.js:16:37066)][0m
    [2m[at C:\Users\MIT\.gemini\antigravity\scratch\gujarati-conne
ct\node_modules\tailwindcss\dist\lib.js:21:355][0m
    [2m[at _r (C:\Users\MIT\.gemini\antigravity\scratch\gujarati-c
onnect\node_modules\tailwindcss\dist\lib.js:3:1733)][0m
    [2m[at I (C:\Users\MIT\.gemini\antigravity\scratch\gujarati-co
nnect\node_modules\tailwindcss\dist\lib.js:3:1377)][0m
    [2m[at Te (C:\Users\MIT\.gemini\antigravity\scratch\gujarati-c
onnect\node_modules\tailwindcss\dist\lib.js:21:172)][0m
    [2m[at mn (C:\Users\MIT\.gemini\antigravity\scratch\gujarati-c
onnect\node_modules\tailwindcss\dist\lib.js:38:294)][0m
    [2m[at process.processTicksAndRejections 
(node:internal/process/task_queues:105:5)][0m
    [2m[at async gn (C:\Users\MIT\.gemini\antigravity\scratch\guja
rati-connect\node_modules\tailwindcss\dist\lib.js:38:631)][0m
    [2m[at async Xr (C:\Users\MIT\.gemini\antigravity\scratch\guja
rati-connect\node_modules\@tailwindcss\node\dist\index.js:10:3416)]
[0m

> Build error occurred
Error: Turbopack build failed with 1 errors:
./.gemini/antigravity/scratch/gujarati-connect/app/globals.css
Error evaluating Node.js code
CssSyntaxError: tailwindcss: C:\Users\MIT\.gemini\antigravity\scrat
ch\gujarati-connect\app\globals.css:1:1: Cannot apply unknown 
utility class `gap-2`. Are you using CSS modules or similar and 
missing `@reference`? https://tailwindcss.com/docs/functions-and-di
rectives#reference-directive
    at Input.error (.gemini/antigravity/scratch/gujarati-connect/no
de_modules/postcss/lib/input.js:135:16) [C:\Users\MIT\.gemini\antig
ravity\scratch\gujarati-connect\.next\build\chunks\11v._0msc0p_._.j
s:4651:22]
    at error (.gemini/antigravity/scratch/gujarati-connect/node_mod
ules/postcss/lib/node.js:146:32) [C:\Users\MIT\.gemini\antigravity\
scratch\gujarati-connect\.next\build\chunks\11v._0msc0p_._.js:928:3
8]
    [at Object.Once (C:\Users\MIT\.gemini\antigravity\scratch\gujar
ati-connect\node_modules\@tailwindcss\postcss\dist\index.js:10:6913
)]
    [at process.processTicksAndRejections 
(node:internal/process/task_queues:105:5)]
    at async LazyResult.runAsync (.gemini/antigravity/scratch/gujar
ati-connect/node_modules/postcss/lib/lazy-result.js:293:11) [C:\Use
rs\MIT\.gemini\antigravity\scratch\gujarati-connect\.next\build\chu
nks\11v._0msc0p_._.js:6214:21]
    at async transform 
(turbopack:///[turbopack-node]/transforms/postcss.ts:70:34) [C:\Use
rs\MIT\.gemini\antigravity\scratch\gujarati-connect\.next\build\chu
nks\[root-of-the-server]__0cliezn._.js:146:36]
    at async run 
(turbopack:///[turbopack-node]/child_process/evaluate.ts:89:23) [C:
\Users\MIT\.gemini\antigravity\scratch\gujarati-connect\.next\build
\chunks\[root-of-the-server]__0vxvyf7._.js:443:31]

Import trace:
  Client Component Browser:
    ./.gemini/antigravity/scratch/gujarati-connect/app/globals.css 
[Client Component Browser]
    ./.gemini/antigravity/scratch/gujarati-connect/app/layout.tsx 
[Server Component]


    at async transform 
(turbopack:///[turbopack-node]/transforms/postcss.ts:70:34) [C:\Use
rs\MIT\.gemini\antigravity\scratch\gujarati-connect\.next\build\chu
nks\[root-of-the-server]__0cliezn._.js:146:36])
    at async run 
(turbopack:///[turbopack-node]/child_process/evaluate.ts:89:23) [C:
\Users\MIT\.gemini\antigravity\scratch\gujarati-connect\.next\build
\chunks\[root-of-the-server]__0vxvyf7._.js:443:31])
